[    4110ms] [LOG] [AuthService] getToken() - token exists: true, token length: 327 @ http://semiconlab-staging-alb-124259420.ap-south-1.elb.amazonaws.com/main.dart.js:55885
[    4111ms] [LOG] [ApiService] GET Request: labs-api/available-labs @ http://semiconlab-staging-alb-124259420.ap-south-1.elb.amazonaws.com/main.dart.js:55885
[    4111ms] [LOG] [ApiService] Headers: {Authorization: Bearer eyJhbGciOiJIUzI1NiIsInR5cCI6IkpXVCJ9.eyJlbWFpbCI6InN1cnlhLm5Ac2VtaWNvbm9zLmFpIiwic3ViIjo5NSwicm9sZSI6IkxlYXJuZXIiLCJvcmdJZCI6bnVsbCwidGVhbUlkIjpudWxsLCJhdmFpbGFibGVSb2xlcyI6W10sInNpZCI6ImI5NGVjYzQ3LTQ2MDItNDE5Zi1iMmY0LTViOTk1ODhhZjc2MSIsImlhdCI6MTc4NDc5OTY3MSwiZXhwIjoxNzg1NDA0NDcxfQ.XtqvvgxYi_43mtsjpbElbbWChpvHhFSh_eG6XYLo8oU} @ http://semiconlab-staging-alb-124259420.ap-south-1.elb.amazonaws.com/main.dart.js:55885
[    4223ms] [LOG] [ApiService] Response Status: 200 @ http://semiconlab-staging-alb-124259420.ap-south-1.elb.amazonaws.com/main.dart.js:55885
[    4223ms] [LOG] [ApiService] Response URL: http://semiconlab-staging-alb-124259420.ap-south-1.elb.amazonaws.com:3000/v1/labs-api/available-labs @ http://semiconlab-staging-alb-124259420.ap-south-1.elb.amazonaws.com/main.dart.js:55885
[    4224ms] [LOG] [AuthService] getToken() - token exists: true, token length: 327 @ http://semiconlab-staging-alb-124259420.ap-south-1.elb.amazonaws.com/main.dart.js:55885
[    4224ms] [LOG] [ApiService] GET Request: labs-api/start-status?domain_id=17 @ http://semiconlab-staging-alb-124259420.ap-south-1.elb.amazonaws.com/main.dart.js:55885
[    4224ms] [LOG] [ApiService] Headers: {Authorization: Bearer eyJhbGciOiJIUzI1NiIsInR5cCI6IkpXVCJ9.eyJlbWFpbCI6InN1cnlhLm5Ac2VtaWNvbm9zLmFpIiwic3ViIjo5NSwicm9sZSI6IkxlYXJuZXIiLCJvcmdJZCI6bnVsbCwidGVhbUlkIjpudWxsLCJhdmFpbGFibGVSb2xlcyI6W10sInNpZCI6ImI5NGVjYzQ3LTQ2MDItNDE5Zi1iMmY0LTViOTk1ODhhZjc2MSIsImlhdCI6MTc4NDc5OTY3MSwiZXhwIjoxNzg1NDA0NDcxfQ.XtqvvgxYi_43mtsjpbElbbWChpvHhFSh_eG6XYLo8oU} @ http://semiconlab-staging-alb-124259420.ap-south-1.elb.amazonaws.com/main.dart.js:55885
[    4296ms] [LOG] [ApiService] Response Status: 200 @ http://semiconlab-staging-alb-124259420.ap-south-1.elb.amazonaws.com/main.dart.js:55885
[    4297ms] [LOG] [ApiService] Response URL: http://semiconlab-staging-alb-124259420.ap-south-1.elb.amazonaws.com:3000/v1/labs-api/start-status?domain_id=17 @ http://semiconlab-staging-alb-124259420.ap-south-1.elb.amazonaws.com/main.dart.js:55885
[    9111ms] [LOG] [AuthService] getToken() - token exists: true, token length: 327 @ http://semiconlab-staging-alb-124259420.ap-south-1.elb.amazonaws.com/main.dart.js:55885
[    9112ms] [LOG] [ApiService] GET Request: labs-api/available-labs @ http://semiconlab-staging-alb-124259420.ap-south-1.elb.amazonaws.com/main.dart.js:55885
[    9112ms] [LOG] [ApiService] Headers: {Authorization: Bearer eyJhbGciOiJIUzI1NiIsInR5cCI6IkpXVCJ9.eyJlbWFpbCI6InN1cnlhLm5Ac2VtaWNvbm9zLmFpIiwic3ViIjo5NSwicm9sZSI6IkxlYXJuZXIiLCJvcmdJZCI6bnVsbCwidGVhbUlkIjpudWxsLCJhdmFpbGFibGVSb2xlcyI6W10sInNpZCI6ImI5NGVjYzQ3LTQ2MDItNDE5Zi1iMmY0LTViOTk1ODhhZjc2MSIsImlhdCI6MTc4NDc5OTY3MSwiZXhwIjoxNzg1NDA0NDcxfQ.XtqvvgxYi_43mtsjpbElbbWChpvHhFSh_eG6XYLo8oU} @ http://semiconlab-staging-alb-124259420.ap-south-1.elb.amazonaws.com/main.dart.js:55885
[    9262ms] [LOG] [ApiService] Response Status: 200 @ http://semiconlab-staging-alb-124259420.ap-south-1.elb.amazonaws.com/main.dart.js:55885
[    9263ms] [LOG] [ApiService] Response URL: http://semiconlab-staging-alb-124259420.ap-south-1.elb.amazonaws.com:3000/v1/labs-api/available-labs @ http://semiconlab-staging-alb-124259420.ap-south-1.elb.amazonaws.com/main.dart.js:55885
[    9263ms] [LOG] [AuthService] getToken() - token exists: true, token length: 327 @ http://semiconlab-staging-alb-124259420.ap-south-1.elb.amazonaws.com/main.dart.js:55885
[    9263ms] [LOG] [ApiService] GET Request: labs-api/start-status?domain_id=17 @ http://semiconlab-staging-alb-124259420.ap-south-1.elb.amazonaws.com/main.dart.js:55885
[    9263ms] [LOG] [ApiService] Headers: {Authorization: Bearer eyJhbGciOiJIUzI1NiIsInR5cCI6IkpXVCJ9.eyJlbWFpbCI6InN1cnlhLm5Ac2VtaWNvbm9zLmFpIiwic3ViIjo5NSwicm9sZSI6IkxlYXJuZXIiLCJvcmdJZCI6bnVsbCwidGVhbUlkIjpudWxsLCJhdmFpbGFibGVSb2xlcyI6W10sInNpZCI6ImI5NGVjYzQ3LTQ2MDItNDE5Zi1iMmY0LTViOTk1ODhhZjc2MSIsImlhdCI6MTc4NDc5OTY3MSwiZXhwIjoxNzg1NDA0NDcxfQ.XtqvvgxYi_43mtsjpbElbbWChpvHhFSh_eG6XYLo8oU} @ http://semiconlab-staging-alb-124259420.ap-south-1.elb.amazonaws.com/main.dart.js:55885
[    9333ms] [LOG] [ApiService] Response Status: 200 @ http://semiconlab-staging-alb-124259420.ap-south-1.elb.amazonaws.com/main.dart.js:55885
[    9334ms] [LOG] [ApiService] Response URL: http://semiconlab-staging-alb-124259420.ap-south-1.elb.amazonaws.com:3000/v1/labs-api/start-status?domain_id=17 @ http://semiconlab-staging-alb-124259420.ap-south-1.elb.amazonaws.com/main.dart.js:55885
[   14111ms] [LOG] [AuthService] getToken() - token exists: true, token length: 327 @ http://semiconlab-staging-alb-124259420.ap-south-1.elb.amazonaws.com/main.dart.js:55885
[   14111ms] [LOG] [ApiService] GET Request: labs-api/available-labs @ http://semiconlab-staging-alb-124259420.ap-south-1.elb.amazonaws.com/main.dart.js:55885
[   14111ms] [LOG] [ApiService] Headers: {Authorization: Bearer eyJhbGciOiJIUzI1NiIsInR5cCI6IkpXVCJ9.eyJlbWFpbCI6InN1cnlhLm5Ac2VtaWNvbm9zLmFpIiwic3ViIjo5NSwicm9sZSI6IkxlYXJuZXIiLCJvcmdJZCI6bnVsbCwidGVhbUlkIjpudWxsLCJhdmFpbGFibGVSb2xlcyI6W10sInNpZCI6ImI5NGVjYzQ3LTQ2MDItNDE5Zi1iMmY0LTViOTk1ODhhZjc2MSIsImlhdCI6MTc4NDc5OTY3MSwiZXhwIjoxNzg1NDA0NDcxfQ.XtqvvgxYi_43mtsjpbElbbWChpvHhFSh_eG6XYLo8oU} @ http://semiconlab-staging-alb-124259420.ap-south-1.elb.amazonaws.com/main.dart.js:55885
[   14233ms] [LOG] [ApiService] Response Status: 200 @ http://semiconlab-staging-alb-124259420.ap-south-1.elb.amazonaws.com/main.dart.js:55885
[   14233ms] [LOG] [ApiService] Response URL: http://semiconlab-staging-alb-124259420.ap-south-1.elb.amazonaws.com:3000/v1/labs-api/available-labs @ http://semiconlab-staging-alb-124259420.ap-south-1.elb.amazonaws.com/main.dart.js:55885
[   14233ms] [LOG] [AuthService] getToken() - token exists: true, token length: 327 @ http://semiconlab-staging-alb-124259420.ap-south-1.elb.amazonaws.com/main.dart.js:55885
[   14234ms] [LOG] [ApiService] GET Request: labs-api/start-status?domain_id=17 @ http://semiconlab-staging-alb-124259420.ap-south-1.elb.amazonaws.com/main.dart.js:55885
[   14234ms] [LOG] [ApiService] Headers: {Authorization: Bearer eyJhbGciOiJIUzI1NiIsInR5cCI6IkpXVCJ9.eyJlbWFpbCI6InN1cnlhLm5Ac2VtaWNvbm9zLmFpIiwic3ViIjo5NSwicm9sZSI6IkxlYXJuZXIiLCJvcmdJZCI6bnVsbCwidGVhbUlkIjpudWxsLCJhdmFpbGFibGVSb2xlcyI6W10sInNpZCI6ImI5NGVjYzQ3LTQ2MDItNDE5Zi1iMmY0LTViOTk1ODhhZjc2MSIsImlhdCI6MTc4NDc5OTY3MSwiZXhwIjoxNzg1NDA0NDcxfQ.XtqvvgxYi_43mtsjpbElbbWChpvHhFSh_eG6XYLo8oU} @ http://semiconlab-staging-alb-124259420.ap-south-1.elb.amazonaws.com/main.dart.js:55885
[   14278ms] [LOG] [ApiService] Response Status: 200 @ http://semiconlab-staging-alb-124259420.ap-south-1.elb.amazonaws.com/main.dart.js:55885
[   14278ms] [LOG] [ApiService] Response URL: http://semiconlab-staging-alb-124259420.ap-south-1.elb.amazonaws.com:3000/v1/labs-api/start-status?domain_id=17 @ http://semiconlab-staging-alb-124259420.ap-south-1.elb.amazonaws.com/main.dart.js:55885
[   19111ms] [LOG] [AuthService] getToken() - token exists: true, token length: 327 @ http://semiconlab-staging-alb-124259420.ap-south-1.elb.amazonaws.com/main.dart.js:55885
[   19111ms] [LOG] [ApiService] GET Request: labs-api/available-labs @ http://semiconlab-staging-alb-124259420.ap-south-1.elb.amazonaws.com/main.dart.js:55885
[   19111ms] [LOG] [ApiService] Headers: {Authorization: Bearer eyJhbGciOiJIUzI1NiIsInR5cCI6IkpXVCJ9.eyJlbWFpbCI6InN1cnlhLm5Ac2VtaWNvbm9zLmFpIiwic3ViIjo5NSwicm9sZSI6IkxlYXJuZXIiLCJvcmdJZCI6bnVsbCwidGVhbUlkIjpudWxsLCJhdmFpbGFibGVSb2xlcyI6W10sInNpZCI6ImI5NGVjYzQ3LTQ2MDItNDE5Zi1iMmY0LTViOTk1ODhhZjc2MSIsImlhdCI6MTc4NDc5OTY3MSwiZXhwIjoxNzg1NDA0NDcxfQ.XtqvvgxYi_43mtsjpbElbbWChpvHhFSh_eG6XYLo8oU} @ http://semiconlab-staging-alb-124259420.ap-south-1.elb.amazonaws.com/main.dart.js:55885
[   19258ms] [LOG] [ApiService] Response Status: 200 @ http://semiconlab-staging-alb-124259420.ap-south-1.elb.amazonaws.com/main.dart.js:55885
[   19258ms] [LOG] [ApiService] Response URL: http://semiconlab-staging-alb-124259420.ap-south-1.elb.amazonaws.com:3000/v1/labs-api/available-labs @ http://semiconlab-staging-alb-124259420.ap-south-1.elb.amazonaws.com/main.dart.js:55885
[   19259ms] [LOG] [AuthService] getToken() - token exists: true, token length: 327 @ http://semiconlab-staging-alb-124259420.ap-south-1.elb.amazonaws.com/main.dart.js:55885
[   19259ms] [LOG] [ApiService] GET Request: labs-api/start-status?domain_id=17 @ http://semiconlab-staging-alb-124259420.ap-south-1.elb.amazonaws.com/main.dart.js:55885
[   19259ms] [LOG] [ApiService] Headers: {Authorization: Bearer eyJhbGciOiJIUzI1NiIsInR5cCI6IkpXVCJ9.eyJlbWFpbCI6InN1cnlhLm5Ac2VtaWNvbm9zLmFpIiwic3ViIjo5NSwicm9sZSI6IkxlYXJuZXIiLCJvcmdJZCI6bnVsbCwidGVhbUlkIjpudWxsLCJhdmFpbGFibGVSb2xlcyI6W10sInNpZCI6ImI5NGVjYzQ3LTQ2MDItNDE5Zi1iMmY0LTViOTk1ODhhZjc2MSIsImlhdCI6MTc4NDc5OTY3MSwiZXhwIjoxNzg1NDA0NDcxfQ.XtqvvgxYi_43mtsjpbElbbWChpvHhFSh_eG6XYLo8oU} @ http://semiconlab-staging-alb-124259420.ap-south-1.elb.amazonaws.com/main.dart.js:55885
[   19323ms] [LOG] [ApiService] Response Status: 200 @ http://semiconlab-staging-alb-124259420.ap-south-1.elb.amazonaws.com/main.dart.js:55885
[   19323ms] [LOG] [ApiService] Response URL: http://semiconlab-staging-alb-124259420.ap-south-1.elb.amazonaws.com:3000/v1/labs-api/start-status?domain_id=17 @ http://semiconlab-staging-alb-124259420.ap-south-1.elb.amazonaws.com/main.dart.js:55885
[   21974ms] [LOG] [AuthService] getToken() - token exists: true, token length: 327 @ http://semiconlab-staging-alb-124259420.ap-south-1.elb.amazonaws.com/main.dart.js:55885
[   21974ms] [LOG] [AuthService] getToken() - token exists: true, token length: 327 @ http://semiconlab-staging-alb-124259420.ap-south-1.elb.amazonaws.com/main.dart.js:55885
[   21975ms] [LOG] [ApiService] GET Request: labs-api/available-labs @ http://semiconlab-staging-alb-124259420.ap-south-1.elb.amazonaws.com/main.dart.js:55885
[   21975ms] [LOG] [ApiService] Headers: {Authorization: Bearer eyJhbGciOiJIUzI1NiIsInR5cCI6IkpXVCJ9.eyJlbWFpbCI6InN1cnlhLm5Ac2VtaWNvbm9zLmFpIiwic3ViIjo5NSwicm9sZSI6IkxlYXJuZXIiLCJvcmdJZCI6bnVsbCwidGVhbUlkIjpudWxsLCJhdmFpbGFibGVSb2xlcyI6W10sInNpZCI6ImI5NGVjYzQ3LTQ2MDItNDE5Zi1iMmY0LTViOTk1ODhhZjc2MSIsImlhdCI6MTc4NDc5OTY3MSwiZXhwIjoxNzg1NDA0NDcxfQ.XtqvvgxYi_43mtsjpbElbbWChpvHhFSh_eG6XYLo8oU} @ http://semiconlab-staging-alb-124259420.ap-south-1.elb.amazonaws.com/main.dart.js:55885
[   22055ms] [LOG] [ApiService] Response Status: 200 @ http://semiconlab-staging-alb-124259420.ap-south-1.elb.amazonaws.com/main.dart.js:55885
[   22055ms] [LOG] [ApiService] Response URL: http://semiconlab-staging-alb-124259420.ap-south-1.elb.amazonaws.com:3000/v1/labs-api/available-labs @ http://semiconlab-staging-alb-124259420.ap-south-1.elb.amazonaws.com/main.dart.js:55885
[   22055ms] [LOG] [AuthService] getToken() - token exists: true, token length: 327 @ http://semiconlab-staging-alb-124259420.ap-south-1.elb.amazonaws.com/main.dart.js:55885
[   22055ms] [LOG] [ApiService] GET Request: /users/95 @ http://semiconlab-staging-alb-124259420.ap-south-1.elb.amazonaws.com/main.dart.js:55885
[   22056ms] [LOG] [ApiService] Headers: {Authorization: Bearer eyJhbGciOiJIUzI1NiIsInR5cCI6IkpXVCJ9.eyJlbWFpbCI6InN1cnlhLm5Ac2VtaWNvbm9zLmFpIiwic3ViIjo5NSwicm9sZSI6IkxlYXJuZXIiLCJvcmdJZCI6bnVsbCwidGVhbUlkIjpudWxsLCJhdmFpbGFibGVSb2xlcyI6W10sInNpZCI6ImI5NGVjYzQ3LTQ2MDItNDE5Zi1iMmY0LTViOTk1ODhhZjc2MSIsImlhdCI6MTc4NDc5OTY3MSwiZXhwIjoxNzg1NDA0NDcxfQ.XtqvvgxYi_43mtsjpbElbbWChpvHhFSh_eG6XYLo8oU} @ http://semiconlab-staging-alb-124259420.ap-south-1.elb.amazonaws.com/main.dart.js:55885
[   22144ms] [LOG] [ApiService] Response Status: 200 @ http://semiconlab-staging-alb-124259420.ap-south-1.elb.amazonaws.com/main.dart.js:55885
[   22144ms] [LOG] [ApiService] Response URL: http://semiconlab-staging-alb-124259420.ap-south-1.elb.amazonaws.com:3000/v1/users/95 @ http://semiconlab-staging-alb-124259420.ap-south-1.elb.amazonaws.com/main.dart.js:55885
[   24112ms] [LOG] [AuthService] getToken() - token exists: true, token length: 327 @ http://semiconlab-staging-alb-124259420.ap-south-1.elb.amazonaws.com/main.dart.js:55885
[   24113ms] [LOG] [ApiService] GET Request: labs-api/available-labs @ http://semiconlab-staging-alb-124259420.ap-south-1.elb.amazonaws.com/main.dart.js:55885
[   24113ms] [LOG] [ApiService] Headers: {Authorization: Bearer eyJhbGciOiJIUzI1NiIsInR5cCI6IkpXVCJ9.eyJlbWFpbCI6InN1cnlhLm5Ac2VtaWNvbm9zLmFpIiwic3ViIjo5NSwicm9sZSI6IkxlYXJuZXIiLCJvcmdJZCI6bnVsbCwidGVhbUlkIjpudWxsLCJhdmFpbGFibGVSb2xlcyI6W10sInNpZCI6ImI5NGVjYzQ3LTQ2MDItNDE5Zi1iMmY0LTViOTk1ODhhZjc2MSIsImlhdCI6MTc4NDc5OTY3MSwiZXhwIjoxNzg1NDA0NDcxfQ.XtqvvgxYi_43mtsjpbElbbWChpvHhFSh_eG6XYLo8oU} @ http://semiconlab-staging-alb-124259420.ap-south-1.elb.amazonaws.com/main.dart.js:55885
[   24234ms] [LOG] [ApiService] Response Status: 200 @ http://semiconlab-staging-alb-124259420.ap-south-1.elb.amazonaws.com/main.dart.js:55885
[   24234ms] [LOG] [ApiService] Response URL: http://semiconlab-staging-alb-124259420.ap-south-1.elb.amazonaws.com:3000/v1/labs-api/available-labs @ http://semiconlab-staging-alb-124259420.ap-south-1.elb.amazonaws.com/main.dart.js:55885
[   24235ms] [LOG] [AuthService] getToken() - token exists: true, token length: 327 @ http://semiconlab-staging-alb-124259420.ap-south-1.elb.amazonaws.com/main.dart.js:55885
[   24235ms] [LOG] [ApiService] GET Request: labs-api/start-status?domain_id=17 @ http://semiconlab-staging-alb-124259420.ap-south-1.elb.amazonaws.com/main.dart.js:55885
[   24235ms] [LOG] [ApiService] Headers: {Authorization: Bearer eyJhbGciOiJIUzI1NiIsInR5cCI6IkpXVCJ9.eyJlbWFpbCI6InN1cnlhLm5Ac2VtaWNvbm9zLmFpIiwic3ViIjo5NSwicm9sZSI6IkxlYXJuZXIiLCJvcmdJZCI6bnVsbCwidGVhbUlkIjpudWxsLCJhdmFpbGFibGVSb2xlcyI6W10sInNpZCI6ImI5NGVjYzQ3LTQ2MDItNDE5Zi1iMmY0LTViOTk1ODhhZjc2MSIsImlhdCI6MTc4NDc5OTY3MSwiZXhwIjoxNzg1NDA0NDcxfQ.XtqvvgxYi_43mtsjpbElbbWChpvHhFSh_eG6XYLo8oU} @ http://semiconlab-staging-alb-124259420.ap-south-1.elb.amazonaws.com/main.dart.js:55885
[   24278ms] [LOG] [ApiService] Response Status: 200 @ http://semiconlab-staging-alb-124259420.ap-south-1.elb.amazonaws.com/main.dart.js:55885
[   24279ms] [LOG] [ApiService] Response URL: http://semiconlab-staging-alb-124259420.ap-south-1.elb.amazonaws.com:3000/v1/labs-api/start-status?domain_id=17 @ http://semiconlab-staging-alb-124259420.ap-south-1.elb.amazonaws.com/main.dart.js:55885
[   29110ms] [LOG] [AuthService] getToken() - token exists: true, token length: 327 @ http://semiconlab-staging-alb-124259420.ap-south-1.elb.amazonaws.com/main.dart.js:55885
[   29111ms] [LOG] [ApiService] GET Request: labs-api/available-labs @ http://semiconlab-staging-alb-124259420.ap-south-1.elb.amazonaws.com/main.dart.js:55885
[   29111ms] [LOG] [ApiService] Headers: {Authorization: Bearer eyJhbGciOiJIUzI1NiIsInR5cCI6IkpXVCJ9.eyJlbWFpbCI6InN1cnlhLm5Ac2VtaWNvbm9zLmFpIiwic3ViIjo5NSwicm9sZSI6IkxlYXJuZXIiLCJvcmdJZCI6bnVsbCwidGVhbUlkIjpudWxsLCJhdmFpbGFibGVSb2xlcyI6W10sInNpZCI6ImI5NGVjYzQ3LTQ2MDItNDE5Zi1iMmY0LTViOTk1ODhhZjc2MSIsImlhdCI6MTc4NDc5OTY3MSwiZXhwIjoxNzg1NDA0NDcxfQ.XtqvvgxYi_43mtsjpbElbbWChpvHhFSh_eG6XYLo8oU} @ http://semiconlab-staging-alb-124259420.ap-south-1.elb.amazonaws.com/main.dart.js:55885
[   29283ms] [LOG] [ApiService] Response Status: 200 @ http://semiconlab-staging-alb-124259420.ap-south-1.elb.amazonaws.com/main.dart.js:55885
[   29284ms] [LOG] [ApiService] Response URL: http://semiconlab-staging-alb-124259420.ap-south-1.elb.amazonaws.com:3000/v1/labs-api/available-labs @ http://semiconlab-staging-alb-124259420.ap-south-1.elb.amazonaws.com/main.dart.js:55885
[   29284ms] [LOG] [AuthService] getToken() - token exists: true, token length: 327 @ http://semiconlab-staging-alb-124259420.ap-south-1.elb.amazonaws.com/main.dart.js:55885
[   29284ms] [LOG] [ApiService] GET Request: labs-api/start-status?domain_id=17 @ http://semiconlab-staging-alb-124259420.ap-south-1.elb.amazonaws.com/main.dart.js:55885
[   29285ms] [LOG] [ApiService] Headers: {Authorization: Bearer eyJhbGciOiJIUzI1NiIsInR5cCI6IkpXVCJ9.eyJlbWFpbCI6InN1cnlhLm5Ac2VtaWNvbm9zLmFpIiwic3ViIjo5NSwicm9sZSI6IkxlYXJuZXIiLCJvcmdJZCI6bnVsbCwidGVhbUlkIjpudWxsLCJhdmFpbGFibGVSb2xlcyI6W10sInNpZCI6ImI5NGVjYzQ3LTQ2MDItNDE5Zi1iMmY0LTViOTk1ODhhZjc2MSIsImlhdCI6MTc4NDc5OTY3MSwiZXhwIjoxNzg1NDA0NDcxfQ.XtqvvgxYi_43mtsjpbElbbWChpvHhFSh_eG6XYLo8oU} @ http://semiconlab-staging-alb-124259420.ap-south-1.elb.amazonaws.com/main.dart.js:55885
[   29346ms] [LOG] [ApiService] Response Status: 200 @ http://semiconlab-staging-alb-124259420.ap-south-1.elb.amazonaws.com/main.dart.js:55885
[   29346ms] [LOG] [ApiService] Response URL: http://semiconlab-staging-alb-124259420.ap-south-1.elb.amazonaws.com:3000/v1/labs-api/start-status?domain_id=17 @ http://semiconlab-staging-alb-124259420.ap-south-1.elb.amazonaws.com/main.dart.js:55885
[   34111ms] [LOG] [AuthService] getToken() - token exists: true, token length: 327 @ http://semiconlab-staging-alb-124259420.ap-south-1.elb.amazonaws.com/main.dart.js:55885
[   34111ms] [LOG] [ApiService] GET Request: labs-api/available-labs @ http://semiconlab-staging-alb-124259420.ap-south-1.elb.amazonaws.com/main.dart.js:55885
[   34111ms] [LOG] [ApiService] Headers: {Authorization: Bearer eyJhbGciOiJIUzI1NiIsInR5cCI6IkpXVCJ9.eyJlbWFpbCI6InN1cnlhLm5Ac2VtaWNvbm9zLmFpIiwic3ViIjo5NSwicm9sZSI6IkxlYXJuZXIiLCJvcmdJZCI6bnVsbCwidGVhbUlkIjpudWxsLCJhdmFpbGFibGVSb2xlcyI6W10sInNpZCI6ImI5NGVjYzQ3LTQ2MDItNDE5Zi1iMmY0LTViOTk1ODhhZjc2MSIsImlhdCI6MTc4NDc5OTY3MSwiZXhwIjoxNzg1NDA0NDcxfQ.XtqvvgxYi_43mtsjpbElbbWChpvHhFSh_eG6XYLo8oU} @ http://semiconlab-staging-alb-124259420.ap-south-1.elb.amazonaws.com/main.dart.js:55885
[   34435ms] [LOG] [ApiService] Response Status: 200 @ http://semiconlab-staging-alb-124259420.ap-south-1.elb.amazonaws.com/main.dart.js:55885
[   34435ms] [LOG] [ApiService] Response URL: http://semiconlab-staging-alb-124259420.ap-south-1.elb.amazonaws.com:3000/v1/labs-api/available-labs @ http://semiconlab-staging-alb-124259420.ap-south-1.elb.amazonaws.com/main.dart.js:55885
[   34436ms] [LOG] [AuthService] getToken() - token exists: true, token length: 327 @ http://semiconlab-staging-alb-124259420.ap-south-1.elb.amazonaws.com/main.dart.js:55885
[   34436ms] [LOG] [ApiService] GET Request: labs-api/start-status?domain_id=17 @ http://semiconlab-staging-alb-124259420.ap-south-1.elb.amazonaws.com/main.dart.js:55885
[   34436ms] [LOG] [ApiService] Headers: {Authorization: Bearer eyJhbGciOiJIUzI1NiIsInR5cCI6IkpXVCJ9.eyJlbWFpbCI6InN1cnlhLm5Ac2VtaWNvbm9zLmFpIiwic3ViIjo5NSwicm9sZSI6IkxlYXJuZXIiLCJvcmdJZCI6bnVsbCwidGVhbUlkIjpudWxsLCJhdmFpbGFibGVSb2xlcyI6W10sInNpZCI6ImI5NGVjYzQ3LTQ2MDItNDE5Zi1iMmY0LTViOTk1ODhhZjc2MSIsImlhdCI6MTc4NDc5OTY3MSwiZXhwIjoxNzg1NDA0NDcxfQ.XtqvvgxYi_43mtsjpbElbbWChpvHhFSh_eG6XYLo8oU} @ http://semiconlab-staging-alb-124259420.ap-south-1.elb.amazonaws.com/main.dart.js:55885
[   34722ms] [LOG] [ApiService] Response Status: 200 @ http://semiconlab-staging-alb-124259420.ap-south-1.elb.amazonaws.com/main.dart.js:55885
[   34722ms] [LOG] [ApiService] Response URL: http://semiconlab-staging-alb-124259420.ap-south-1.elb.amazonaws.com:3000/v1/labs-api/start-status?domain_id=17 @ http://semiconlab-staging-alb-124259420.ap-south-1.elb.amazonaws.com/main.dart.js:55885
[   39111ms] [LOG] [AuthService] getToken() - token exists: true, token length: 327 @ http://semiconlab-staging-alb-124259420.ap-south-1.elb.amazonaws.com/main.dart.js:55885
[   39111ms] [LOG] [ApiService] GET Request: labs-api/available-labs @ http://semiconlab-staging-alb-124259420.ap-south-1.elb.amazonaws.com/main.dart.js:55885
[   39111ms] [LOG] [ApiService] Headers: {Authorization: Bearer eyJhbGciOiJIUzI1NiIsInR5cCI6IkpXVCJ9.eyJlbWFpbCI6InN1cnlhLm5Ac2VtaWNvbm9zLmFpIiwic3ViIjo5NSwicm9sZSI6IkxlYXJuZXIiLCJvcmdJZCI6bnVsbCwidGVhbUlkIjpudWxsLCJhdmFpbGFibGVSb2xlcyI6W10sInNpZCI6ImI5NGVjYzQ3LTQ2MDItNDE5Zi1iMmY0LTViOTk1ODhhZjc2MSIsImlhdCI6MTc4NDc5OTY3MSwiZXhwIjoxNzg1NDA0NDcxfQ.XtqvvgxYi_43mtsjpbElbbWChpvHhFSh_eG6XYLo8oU} @ http://semiconlab-staging-alb-124259420.ap-south-1.elb.amazonaws.com/main.dart.js:55885
[   39269ms] [LOG] [ApiService] Response Status: 200 @ http://semiconlab-staging-alb-124259420.ap-south-1.elb.amazonaws.com/main.dart.js:55885
[   39270ms] [LOG] [ApiService] Response URL: http://semiconlab-staging-alb-124259420.ap-south-1.elb.amazonaws.com:3000/v1/labs-api/available-labs @ http://semiconlab-staging-alb-124259420.ap-south-1.elb.amazonaws.com/main.dart.js:55885
[   39270ms] [LOG] [AuthService] getToken() - token exists: true, token length: 327 @ http://semiconlab-staging-alb-124259420.ap-south-1.elb.amazonaws.com/main.dart.js:55885
[   39270ms] [LOG] [ApiService] GET Request: labs-api/start-status?domain_id=17 @ http://semiconlab-staging-alb-124259420.ap-south-1.elb.amazonaws.com/main.dart.js:55885
[   39270ms] [LOG] [ApiService] Headers: {Authorization: Bearer eyJhbGciOiJIUzI1NiIsInR5cCI6IkpXVCJ9.eyJlbWFpbCI6InN1cnlhLm5Ac2VtaWNvbm9zLmFpIiwic3ViIjo5NSwicm9sZSI6IkxlYXJuZXIiLCJvcmdJZCI6bnVsbCwidGVhbUlkIjpudWxsLCJhdmFpbGFibGVSb2xlcyI6W10sInNpZCI6ImI5NGVjYzQ3LTQ2MDItNDE5Zi1iMmY0LTViOTk1ODhhZjc2MSIsImlhdCI6MTc4NDc5OTY3MSwiZXhwIjoxNzg1NDA0NDcxfQ.XtqvvgxYi_43mtsjpbElbbWChpvHhFSh_eG6XYLo8oU} @ http://semiconlab-staging-alb-124259420.ap-south-1.elb.amazonaws.com/main.dart.js:55885
[   39310ms] [LOG] [ApiService] Response Status: 200 @ http://semiconlab-staging-alb-124259420.ap-south-1.elb.amazonaws.com/main.dart.js:55885
[   39310ms] [LOG] [ApiService] Response URL: http://semiconlab-staging-alb-124259420.ap-south-1.elb.amazonaws.com:3000/v1/labs-api/start-status?domain_id=17 @ http://semiconlab-staging-alb-124259420.ap-south-1.elb.amazonaws.com/main.dart.js:55885
[   44111ms] [LOG] [AuthService] getToken() - token exists: true, token length: 327 @ http://semiconlab-staging-alb-124259420.ap-south-1.elb.amazonaws.com/main.dart.js:55885
[   44111ms] [LOG] [ApiService] GET Request: labs-api/available-labs @ http://semiconlab-staging-alb-124259420.ap-south-1.elb.amazonaws.com/main.dart.js:55885
[   44111ms] [LOG] [ApiService] Headers: {Authorization: Bearer eyJhbGciOiJIUzI1NiIsInR5cCI6IkpXVCJ9.eyJlbWFpbCI6InN1cnlhLm5Ac2VtaWNvbm9zLmFpIiwic3ViIjo5NSwicm9sZSI6IkxlYXJuZXIiLCJvcmdJZCI6bnVsbCwidGVhbUlkIjpudWxsLCJhdmFpbGFibGVSb2xlcyI6W10sInNpZCI6ImI5NGVjYzQ3LTQ2MDItNDE5Zi1iMmY0LTViOTk1ODhhZjc2MSIsImlhdCI6MTc4NDc5OTY3MSwiZXhwIjoxNzg1NDA0NDcxfQ.XtqvvgxYi_43mtsjpbElbbWChpvHhFSh_eG6XYLo8oU} @ http://semiconlab-staging-alb-124259420.ap-south-1.elb.amazonaws.com/main.dart.js:55885
[   44229ms] [LOG] [ApiService] Response Status: 200 @ http://semiconlab-staging-alb-124259420.ap-south-1.elb.amazonaws.com/main.dart.js:55885
[   44229ms] [LOG] [ApiService] Response URL: http://semiconlab-staging-alb-124259420.ap-south-1.elb.amazonaws.com:3000/v1/labs-api/available-labs @ http://semiconlab-staging-alb-124259420.ap-south-1.elb.amazonaws.com/main.dart.js:55885
[   44229ms] [LOG] [AuthService] getToken() - token exists: true, token length: 327 @ http://semiconlab-staging-alb-124259420.ap-south-1.elb.amazonaws.com/main.dart.js:55885
[   44230ms] [LOG] [ApiService] GET Request: labs-api/start-status?domain_id=17 @ http://semiconlab-staging-alb-124259420.ap-south-1.elb.amazonaws.com/main.dart.js:55885
[   44230ms] [LOG] [ApiService] Headers: {Authorization: Bearer eyJhbGciOiJIUzI1NiIsInR5cCI6IkpXVCJ9.eyJlbWFpbCI6InN1cnlhLm5Ac2VtaWNvbm9zLmFpIiwic3ViIjo5NSwicm9sZSI6IkxlYXJuZXIiLCJvcmdJZCI6bnVsbCwidGVhbUlkIjpudWxsLCJhdmFpbGFibGVSb2xlcyI6W10sInNpZCI6ImI5NGVjYzQ3LTQ2MDItNDE5Zi1iMmY0LTViOTk1ODhhZjc2MSIsImlhdCI6MTc4NDc5OTY3MSwiZXhwIjoxNzg1NDA0NDcxfQ.XtqvvgxYi_43mtsjpbElbbWChpvHhFSh_eG6XYLo8oU} @ http://semiconlab-staging-alb-124259420.ap-south-1.elb.amazonaws.com/main.dart.js:55885
[   44297ms] [LOG] [ApiService] Response Status: 200 @ http://semiconlab-staging-alb-124259420.ap-south-1.elb.amazonaws.com/main.dart.js:55885
[   44297ms] [LOG] [ApiService] Response URL: http://semiconlab-staging-alb-124259420.ap-south-1.elb.amazonaws.com:3000/v1/labs-api/start-status?domain_id=17 @ http://semiconlab-staging-alb-124259420.ap-south-1.elb.amazonaws.com/main.dart.js:55885
[   49111ms] [LOG] [AuthService] getToken() - token exists: true, token length: 327 @ http://semiconlab-staging-alb-124259420.ap-south-1.elb.amazonaws.com/main.dart.js:55885
[   49112ms] [LOG] [ApiService] GET Request: labs-api/available-labs @ http://semiconlab-staging-alb-124259420.ap-south-1.elb.amazonaws.com/main.dart.js:55885
[   49112ms] [LOG] [ApiService] Headers: {Authorization: Bearer eyJhbGciOiJIUzI1NiIsInR5cCI6IkpXVCJ9.eyJlbWFpbCI6InN1cnlhLm5Ac2VtaWNvbm9zLmFpIiwic3ViIjo5NSwicm9sZSI6IkxlYXJuZXIiLCJvcmdJZCI6bnVsbCwidGVhbUlkIjpudWxsLCJhdmFpbGFibGVSb2xlcyI6W10sInNpZCI6ImI5NGVjYzQ3LTQ2MDItNDE5Zi1iMmY0LTViOTk1ODhhZjc2MSIsImlhdCI6MTc4NDc5OTY3MSwiZXhwIjoxNzg1NDA0NDcxfQ.XtqvvgxYi_43mtsjpbElbbWChpvHhFSh_eG6XYLo8oU} @ http://semiconlab-staging-alb-124259420.ap-south-1.elb.amazonaws.com/main.dart.js:55885
[   49257ms] [LOG] [ApiService] Response Status: 200 @ http://semiconlab-staging-alb-124259420.ap-south-1.elb.amazonaws.com/main.dart.js:55885
[   49257ms] [LOG] [ApiService] Response URL: http://semiconlab-staging-alb-124259420.ap-south-1.elb.amazonaws.com:3000/v1/labs-api/available-labs @ http://semiconlab-staging-alb-124259420.ap-south-1.elb.amazonaws.com/main.dart.js:55885
[   49258ms] [LOG] [AuthService] getToken() - token exists: true, token length: 327 @ http://semiconlab-staging-alb-124259420.ap-south-1.elb.amazonaws.com/main.dart.js:55885
[   49258ms] [LOG] [ApiService] GET Request: labs-api/start-status?domain_id=17 @ http://semiconlab-staging-alb-124259420.ap-south-1.elb.amazonaws.com/main.dart.js:55885
[   49258ms] [LOG] [ApiService] Headers: {Authorization: Bearer eyJhbGciOiJIUzI1NiIsInR5cCI6IkpXVCJ9.eyJlbWFpbCI6InN1cnlhLm5Ac2VtaWNvbm9zLmFpIiwic3ViIjo5NSwicm9sZSI6IkxlYXJuZXIiLCJvcmdJZCI6bnVsbCwidGVhbUlkIjpudWxsLCJhdmFpbGFibGVSb2xlcyI6W10sInNpZCI6ImI5NGVjYzQ3LTQ2MDItNDE5Zi1iMmY0LTViOTk1ODhhZjc2MSIsImlhdCI6MTc4NDc5OTY3MSwiZXhwIjoxNzg1NDA0NDcxfQ.XtqvvgxYi_43mtsjpbElbbWChpvHhFSh_eG6XYLo8oU} @ http://semiconlab-staging-alb-124259420.ap-south-1.elb.amazonaws.com/main.dart.js:55885
[   49325ms] [LOG] [ApiService] Response Status: 200 @ http://semiconlab-staging-alb-124259420.ap-south-1.elb.amazonaws.com/main.dart.js:55885
[   49325ms] [LOG] [ApiService] Response URL: http://semiconlab-staging-alb-124259420.ap-south-1.elb.amazonaws.com:3000/v1/labs-api/start-status?domain_id=17 @ http://semiconlab-staging-alb-124259420.ap-south-1.elb.amazonaws.com/main.dart.js:55885
[   54111ms] [LOG] [AuthService] getToken() - token exists: true, token length: 327 @ http://semiconlab-staging-alb-124259420.ap-south-1.elb.amazonaws.com/main.dart.js:55885
[   54111ms] [LOG] [ApiService] GET Request: labs-api/available-labs @ http://semiconlab-staging-alb-124259420.ap-south-1.elb.amazonaws.com/main.dart.js:55885
[   54111ms] [LOG] [ApiService] Headers: {Authorization: Bearer eyJhbGciOiJIUzI1NiIsInR5cCI6IkpXVCJ9.eyJlbWFpbCI6InN1cnlhLm5Ac2VtaWNvbm9zLmFpIiwic3ViIjo5NSwicm9sZSI6IkxlYXJuZXIiLCJvcmdJZCI6bnVsbCwidGVhbUlkIjpudWxsLCJhdmFpbGFibGVSb2xlcyI6W10sInNpZCI6ImI5NGVjYzQ3LTQ2MDItNDE5Zi1iMmY0LTViOTk1ODhhZjc2MSIsImlhdCI6MTc4NDc5OTY3MSwiZXhwIjoxNzg1NDA0NDcxfQ.XtqvvgxYi_43mtsjpbElbbWChpvHhFSh_eG6XYLo8oU} @ http://semiconlab-staging-alb-124259420.ap-south-1.elb.amazonaws.com/main.dart.js:55885
[   54230ms] [LOG] [ApiService] Response Status: 200 @ http://semiconlab-staging-alb-124259420.ap-south-1.elb.amazonaws.com/main.dart.js:55885
[   54230ms] [LOG] [ApiService] Response URL: http://semiconlab-staging-alb-124259420.ap-south-1.elb.amazonaws.com:3000/v1/labs-api/available-labs @ http://semiconlab-staging-alb-124259420.ap-south-1.elb.amazonaws.com/main.dart.js:55885
[   54230ms] [LOG] [AuthService] getToken() - token exists: true, token length: 327 @ http://semiconlab-staging-alb-124259420.ap-south-1.elb.amazonaws.com/main.dart.js:55885
[   54231ms] [LOG] [ApiService] GET Request: labs-api/start-status?domain_id=17 @ http://semiconlab-staging-alb-124259420.ap-south-1.elb.amazonaws.com/main.dart.js:55885
[   54231ms] [LOG] [ApiService] Headers: {Authorization: Bearer eyJhbGciOiJIUzI1NiIsInR5cCI6IkpXVCJ9.eyJlbWFpbCI6InN1cnlhLm5Ac2VtaWNvbm9zLmFpIiwic3ViIjo5NSwicm9sZSI6IkxlYXJuZXIiLCJvcmdJZCI6bnVsbCwidGVhbUlkIjpudWxsLCJhdmFpbGFibGVSb2xlcyI6W10sInNpZCI6ImI5NGVjYzQ3LTQ2MDItNDE5Zi1iMmY0LTViOTk1ODhhZjc2MSIsImlhdCI6MTc4NDc5OTY3MSwiZXhwIjoxNzg1NDA0NDcxfQ.XtqvvgxYi_43mtsjpbElbbWChpvHhFSh_eG6XYLo8oU} @ http://semiconlab-staging-alb-124259420.ap-south-1.elb.amazonaws.com/main.dart.js:55885
[   54277ms] [LOG] [ApiService] Response Status: 200 @ http://semiconlab-staging-alb-124259420.ap-south-1.elb.amazonaws.com/main.dart.js:55885
[   54277ms] [LOG] [ApiService] Response URL: http://semiconlab-staging-alb-124259420.ap-south-1.elb.amazonaws.com:3000/v1/labs-api/start-status?domain_id=17 @ http://semiconlab-staging-alb-124259420.ap-south-1.elb.amazonaws.com/main.dart.js:55885
[   59110ms] [LOG] [AuthService] getToken() - token exists: true, token length: 327 @ http://semiconlab-staging-alb-124259420.ap-south-1.elb.amazonaws.com/main.dart.js:55885
[   59111ms] [LOG] [ApiService] GET Request: labs-api/available-labs @ http://semiconlab-staging-alb-124259420.ap-south-1.elb.amazonaws.com/main.dart.js:55885
[   59111ms] [LOG] [ApiService] Headers: {Authorization: Bearer eyJhbGciOiJIUzI1NiIsInR5cCI6IkpXVCJ9.eyJlbWFpbCI6InN1cnlhLm5Ac2VtaWNvbm9zLmFpIiwic3ViIjo5NSwicm9sZSI6IkxlYXJuZXIiLCJvcmdJZCI6bnVsbCwidGVhbUlkIjpudWxsLCJhdmFpbGFibGVSb2xlcyI6W10sInNpZCI6ImI5NGVjYzQ3LTQ2MDItNDE5Zi1iMmY0LTViOTk1ODhhZjc2MSIsImlhdCI6MTc4NDc5OTY3MSwiZXhwIjoxNzg1NDA0NDcxfQ.XtqvvgxYi_43mtsjpbElbbWChpvHhFSh_eG6XYLo8oU} @ http://semiconlab-staging-alb-124259420.ap-south-1.elb.amazonaws.com/main.dart.js:55885
[   59250ms] [LOG] [ApiService] Response Status: 200 @ http://semiconlab-staging-alb-124259420.ap-south-1.elb.amazonaws.com/main.dart.js:55885
[   59250ms] [LOG] [ApiService] Response URL: http://semiconlab-staging-alb-124259420.ap-south-1.elb.amazonaws.com:3000/v1/labs-api/available-labs @ http://semiconlab-staging-alb-124259420.ap-south-1.elb.amazonaws.com/main.dart.js:55885
[   59251ms] [LOG] [AuthService] getToken() - token exists: true, token length: 327 @ http://semiconlab-staging-alb-124259420.ap-south-1.elb.amazonaws.com/main.dart.js:55885
[   59251ms] [LOG] [ApiService] GET Request: labs-api/start-status?domain_id=17 @ http://semiconlab-staging-alb-124259420.ap-south-1.elb.amazonaws.com/main.dart.js:55885
[   59251ms] [LOG] [ApiService] Headers: {Authorization: Bearer eyJhbGciOiJIUzI1NiIsInR5cCI6IkpXVCJ9.eyJlbWFpbCI6InN1cnlhLm5Ac2VtaWNvbm9zLmFpIiwic3ViIjo5NSwicm9sZSI6IkxlYXJuZXIiLCJvcmdJZCI6bnVsbCwidGVhbUlkIjpudWxsLCJhdmFpbGFibGVSb2xlcyI6W10sInNpZCI6ImI5NGVjYzQ3LTQ2MDItNDE5Zi1iMmY0LTViOTk1ODhhZjc2MSIsImlhdCI6MTc4NDc5OTY3MSwiZXhwIjoxNzg1NDA0NDcxfQ.XtqvvgxYi_43mtsjpbElbbWChpvHhFSh_eG6XYLo8oU} @ http://semiconlab-staging-alb-124259420.ap-south-1.elb.amazonaws.com/main.dart.js:55885
[   59314ms] [LOG] [ApiService] Response Status: 200 @ http://semiconlab-staging-alb-124259420.ap-south-1.elb.amazonaws.com/main.dart.js:55885
[   59314ms] [LOG] [ApiService] Response URL: http://semiconlab-staging-alb-124259420.ap-south-1.elb.amazonaws.com:3000/v1/labs-api/start-status?domain_id=17 @ http://semiconlab-staging-alb-124259420.ap-south-1.elb.amazonaws.com/main.dart.js:55885
[   64110ms] [LOG] [AuthService] getToken() - token exists: true, token length: 327 @ http://semiconlab-staging-alb-124259420.ap-south-1.elb.amazonaws.com/main.dart.js:55885
[   64111ms] [LOG] [ApiService] GET Request: labs-api/available-labs @ http://semiconlab-staging-alb-124259420.ap-south-1.elb.amazonaws.com/main.dart.js:55885
[   64111ms] [LOG] [ApiService] Headers: {Authorization: Bearer eyJhbGciOiJIUzI1NiIsInR5cCI6IkpXVCJ9.eyJlbWFpbCI6InN1cnlhLm5Ac2VtaWNvbm9zLmFpIiwic3ViIjo5NSwicm9sZSI6IkxlYXJuZXIiLCJvcmdJZCI6bnVsbCwidGVhbUlkIjpudWxsLCJhdmFpbGFibGVSb2xlcyI6W10sInNpZCI6ImI5NGVjYzQ3LTQ2MDItNDE5Zi1iMmY0LTViOTk1ODhhZjc2MSIsImlhdCI6MTc4NDc5OTY3MSwiZXhwIjoxNzg1NDA0NDcxfQ.XtqvvgxYi_43mtsjpbElbbWChpvHhFSh_eG6XYLo8oU} @ http://semiconlab-staging-alb-124259420.ap-south-1.elb.amazonaws.com/main.dart.js:55885
[   64236ms] [LOG] [ApiService] Response Status: 200 @ http://semiconlab-staging-alb-124259420.ap-south-1.elb.amazonaws.com/main.dart.js:55885
[   64236ms] [LOG] [ApiService] Response URL: http://semiconlab-staging-alb-124259420.ap-south-1.elb.amazonaws.com:3000/v1/labs-api/available-labs @ http://semiconlab-staging-alb-124259420.ap-south-1.elb.amazonaws.com/main.dart.js:55885
[   64236ms] [LOG] [AuthService] getToken() - token exists: true, token length: 327 @ http://semiconlab-staging-alb-124259420.ap-south-1.elb.amazonaws.com/main.dart.js:55885
[   64237ms] [LOG] [ApiService] GET Request: labs-api/start-status?domain_id=17 @ http://semiconlab-staging-alb-124259420.ap-south-1.elb.amazonaws.com/main.dart.js:55885
[   64237ms] [LOG] [ApiService] Headers: {Authorization: Bearer eyJhbGciOiJIUzI1NiIsInR5cCI6IkpXVCJ9.eyJlbWFpbCI6InN1cnlhLm5Ac2VtaWNvbm9zLmFpIiwic3ViIjo5NSwicm9sZSI6IkxlYXJuZXIiLCJvcmdJZCI6bnVsbCwidGVhbUlkIjpudWxsLCJhdmFpbGFibGVSb2xlcyI6W10sInNpZCI6ImI5NGVjYzQ3LTQ2MDItNDE5Zi1iMmY0LTViOTk1ODhhZjc2MSIsImlhdCI6MTc4NDc5OTY3MSwiZXhwIjoxNzg1NDA0NDcxfQ.XtqvvgxYi_43mtsjpbElbbWChpvHhFSh_eG6XYLo8oU} @ http://semiconlab-staging-alb-124259420.ap-south-1.elb.amazonaws.com/main.dart.js:55885
[   64276ms] [LOG] [ApiService] Response Status: 200 @ http://semiconlab-staging-alb-124259420.ap-south-1.elb.amazonaws.com/main.dart.js:55885
[   64276ms] [LOG] [ApiService] Response URL: http://semiconlab-staging-alb-124259420.ap-south-1.elb.amazonaws.com:3000/v1/labs-api/start-status?domain_id=17 @ http://semiconlab-staging-alb-124259420.ap-south-1.elb.amazonaws.com/main.dart.js:55885
[   69119ms] [LOG] [AuthService] getToken() - token exists: true, token length: 327 @ http://semiconlab-staging-alb-124259420.ap-south-1.elb.amazonaws.com/main.dart.js:55885
[   69119ms] [LOG] [ApiService] GET Request: labs-api/available-labs @ http://semiconlab-staging-alb-124259420.ap-south-1.elb.amazonaws.com/main.dart.js:55885
[   69119ms] [LOG] [ApiService] Headers: {Authorization: Bearer eyJhbGciOiJIUzI1NiIsInR5cCI6IkpXVCJ9.eyJlbWFpbCI6InN1cnlhLm5Ac2VtaWNvbm9zLmFpIiwic3ViIjo5NSwicm9sZSI6IkxlYXJuZXIiLCJvcmdJZCI6bnVsbCwidGVhbUlkIjpudWxsLCJhdmFpbGFibGVSb2xlcyI6W10sInNpZCI6ImI5NGVjYzQ3LTQ2MDItNDE5Zi1iMmY0LTViOTk1ODhhZjc2MSIsImlhdCI6MTc4NDc5OTY3MSwiZXhwIjoxNzg1NDA0NDcxfQ.XtqvvgxYi_43mtsjpbElbbWChpvHhFSh_eG6XYLo8oU} @ http://semiconlab-staging-alb-124259420.ap-south-1.elb.amazonaws.com/main.dart.js:55885
[   69291ms] [LOG] [ApiService] Response Status: 200 @ http://semiconlab-staging-alb-124259420.ap-south-1.elb.amazonaws.com/main.dart.js:55885
[   69291ms] [LOG] [ApiService] Response URL: http://semiconlab-staging-alb-124259420.ap-south-1.elb.amazonaws.com:3000/v1/labs-api/available-labs @ http://semiconlab-staging-alb-124259420.ap-south-1.elb.amazonaws.com/main.dart.js:55885
[   69291ms] [LOG] [AuthService] getToken() - token exists: true, token length: 327 @ http://semiconlab-staging-alb-124259420.ap-south-1.elb.amazonaws.com/main.dart.js:55885
[   69292ms] [LOG] [ApiService] GET Request: labs-api/start-status?domain_id=17 @ http://semiconlab-staging-alb-124259420.ap-south-1.elb.amazonaws.com/main.dart.js:55885
[   69292ms] [LOG] [ApiService] Headers: {Authorization: Bearer eyJhbGciOiJIUzI1NiIsInR5cCI6IkpXVCJ9.eyJlbWFpbCI6InN1cnlhLm5Ac2VtaWNvbm9zLmFpIiwic3ViIjo5NSwicm9sZSI6IkxlYXJuZXIiLCJvcmdJZCI6bnVsbCwidGVhbUlkIjpudWxsLCJhdmFpbGFibGVSb2xlcyI6W10sInNpZCI6ImI5NGVjYzQ3LTQ2MDItNDE5Zi1iMmY0LTViOTk1ODhhZjc2MSIsImlhdCI6MTc4NDc5OTY3MSwiZXhwIjoxNzg1NDA0NDcxfQ.XtqvvgxYi_43mtsjpbElbbWChpvHhFSh_eG6XYLo8oU} @ http://semiconlab-staging-alb-124259420.ap-south-1.elb.amazonaws.com/main.dart.js:55885
[   69358ms] [LOG] [ApiService] Response Status: 200 @ http://semiconlab-staging-alb-124259420.ap-south-1.elb.amazonaws.com/main.dart.js:55885
[   69358ms] [LOG] [ApiService] Response URL: http://semiconlab-staging-alb-124259420.ap-south-1.elb.amazonaws.com:3000/v1/labs-api/start-status?domain_id=17 @ http://semiconlab-staging-alb-124259420.ap-south-1.elb.amazonaws.com/main.dart.js:55885
[   74110ms] [LOG] [AuthService] getToken() - token exists: true, token length: 327 @ http://semiconlab-staging-alb-124259420.ap-south-1.elb.amazonaws.com/main.dart.js:55885
[   74111ms] [LOG] [ApiService] GET Request: labs-api/available-labs @ http://semiconlab-staging-alb-124259420.ap-south-1.elb.amazonaws.com/main.dart.js:55885
[   74111ms] [LOG] [ApiService] Headers: {Authorization: Bearer eyJhbGciOiJIUzI1NiIsInR5cCI6IkpXVCJ9.eyJlbWFpbCI6InN1cnlhLm5Ac2VtaWNvbm9zLmFpIiwic3ViIjo5NSwicm9sZSI6IkxlYXJuZXIiLCJvcmdJZCI6bnVsbCwidGVhbUlkIjpudWxsLCJhdmFpbGFibGVSb2xlcyI6W10sInNpZCI6ImI5NGVjYzQ3LTQ2MDItNDE5Zi1iMmY0LTViOTk1ODhhZjc2MSIsImlhdCI6MTc4NDc5OTY3MSwiZXhwIjoxNzg1NDA0NDcxfQ.XtqvvgxYi_43mtsjpbElbbWChpvHhFSh_eG6XYLo8oU} @ http://semiconlab-staging-alb-124259420.ap-south-1.elb.amazonaws.com/main.dart.js:55885
[   74225ms] [LOG] [ApiService] Response Status: 200 @ http://semiconlab-staging-alb-124259420.ap-south-1.elb.amazonaws.com/main.dart.js:55885
[   74225ms] [LOG] [ApiService] Response URL: http://semiconlab-staging-alb-124259420.ap-south-1.elb.amazonaws.com:3000/v1/labs-api/available-labs @ http://semiconlab-staging-alb-124259420.ap-south-1.elb.amazonaws.com/main.dart.js:55885
[   74226ms] [LOG] [AuthService] getToken() - token exists: true, token length: 327 @ http://semiconlab-staging-alb-124259420.ap-south-1.elb.amazonaws.com/main.dart.js:55885
[   74226ms] [LOG] [ApiService] GET Request: labs-api/start-status?domain_id=17 @ http://semiconlab-staging-alb-124259420.ap-south-1.elb.amazonaws.com/main.dart.js:55885
[   74226ms] [LOG] [ApiService] Headers: {Authorization: Bearer eyJhbGciOiJIUzI1NiIsInR5cCI6IkpXVCJ9.eyJlbWFpbCI6InN1cnlhLm5Ac2VtaWNvbm9zLmFpIiwic3ViIjo5NSwicm9sZSI6IkxlYXJuZXIiLCJvcmdJZCI6bnVsbCwidGVhbUlkIjpudWxsLCJhdmFpbGFibGVSb2xlcyI6W10sInNpZCI6ImI5NGVjYzQ3LTQ2MDItNDE5Zi1iMmY0LTViOTk1ODhhZjc2MSIsImlhdCI6MTc4NDc5OTY3MSwiZXhwIjoxNzg1NDA0NDcxfQ.XtqvvgxYi_43mtsjpbElbbWChpvHhFSh_eG6XYLo8oU} @ http://semiconlab-staging-alb-124259420.ap-south-1.elb.amazonaws.com/main.dart.js:55885
[   74275ms] [LOG] [ApiService] Response Status: 200 @ http://semiconlab-staging-alb-124259420.ap-south-1.elb.amazonaws.com/main.dart.js:55885
[   74275ms] [LOG] [ApiService] Response URL: http://semiconlab-staging-alb-124259420.ap-south-1.elb.amazonaws.com:3000/v1/labs-api/start-status?domain_id=17 @ http://semiconlab-staging-alb-124259420.ap-south-1.elb.amazonaws.com/main.dart.js:55885
